

================================================================
== Vivado HLS Report for 'otsu'
================================================================
* Date:           Thu Jul  5 12:11:40 2018

* Version:        2018.1 (Build 2188600 on Wed Apr 04 19:04:02 MDT 2018)
* Project:        marker_zybo
* Solution:       solution1
* Product family: artix7
* Target device:  xc7a100tcsg324-1


================================================================
== Performance Estimates
================================================================
+ Timing (ns): 
    * Summary: 
    +--------+-------+----------+------------+
    |  Clock | Target| Estimated| Uncertainty|
    +--------+-------+----------+------------+
    |ap_clk  |  10.00|      8.66|        1.25|
    +--------+-------+----------+------------+

+ Latency (clock cycles): 
    * Summary: 
    +------+-------+------+-------+---------+
    |    Latency   |   Interval   | Pipeline|
    |  min |  max  |  min |  max  |   Type  |
    +------+-------+------+-------+---------+
    |  3589|  16388|  3589|  16388|   none  |
    +------+-------+------+-------+---------+

    + Detail: 
        * Instance: 
        N/A

        * Loop: 
        +----------+------+-------+----------+-----------+-----------+---------+----------+
        |          |    Latency   | Iteration|  Initiation Interval  |   Trip  |          |
        | Loop Name|  min |  max  |  Latency |  achieved |   target  |  Count  | Pipelined|
        +----------+------+-------+----------+-----------+-----------+---------+----------+
        |- Loop 1  |  3584|   3584|        14|          -|          -|      256|    no    |
        |- Loop 2  |     3|  12801|  3 ~ 50  |          -|          -| 1 ~ 256 |    no    |
        +----------+------+-------+----------+-----------+-----------+---------+----------+



================================================================
== Utilization Estimates
================================================================
* Summary: 
+-----------------+---------+-------+--------+-------+
|       Name      | BRAM_18K| DSP48E|   FF   |  LUT  |
+-----------------+---------+-------+--------+-------+
|DSP              |        -|      -|       -|      -|
|Expression       |        -|      6|       0|    331|
|FIFO             |        -|      -|       -|      -|
|Instance         |        -|      5|    2616|   2779|
|Memory           |        -|      -|       -|      -|
|Multiplexer      |        -|      -|       -|    483|
|Register         |        -|      -|     729|      -|
+-----------------+---------+-------+--------+-------+
|Total            |        0|     11|    3345|   3593|
+-----------------+---------+-------+--------+-------+
|Available        |      270|    240|  126800|  63400|
+-----------------+---------+-------+--------+-------+
|Utilization (%)  |        0|      4|       2|      5|
+-----------------+---------+-------+--------+-------+

+ Detail: 
    * Instance: 
    +-------------------------+----------------------+---------+-------+-----+-----+
    |         Instance        |        Module        | BRAM_18K| DSP48E|  FF | LUT |
    +-------------------------+----------------------+---------+-------+-----+-----+
    |make_marker_faddfbkb_U1  |make_marker_faddfbkb  |        0|      2|  205|  205|
    |make_marker_fcmp_fYi_U7  |make_marker_fcmp_fYi  |        0|      0|   66|   70|
    |make_marker_fdiv_dEe_U3  |make_marker_fdiv_dEe  |        0|      0|  762|  809|
    |make_marker_fdiv_dEe_U4  |make_marker_fdiv_dEe  |        0|      0|  762|  809|
    |make_marker_fmul_cud_U2  |make_marker_fmul_cud  |        0|      3|  143|  140|
    |make_marker_sitofeOg_U5  |make_marker_sitofeOg  |        0|      0|  339|  373|
    |make_marker_sitofeOg_U6  |make_marker_sitofeOg  |        0|      0|  339|  373|
    +-------------------------+----------------------+---------+-------+-----+-----+
    |Total                    |                      |        0|      5| 2616| 2779|
    +-------------------------+----------------------+---------+-------+-----+-----+

    * DSP48: 
    N/A

    * Memory: 
    N/A

    * FIFO: 
    N/A

    * Expression: 
    +-----------------------+----------+-------+---+----+------------+------------+
    |     Variable Name     | Operation| DSP48E| FF| LUT| Bitwidth P0| Bitwidth P1|
    +-----------------------+----------+-------+---+----+------------+------------+
    |tmp_1_fu_209_p2        |     *    |      3|  0|  21|          32|           9|
    |tmp_3_fu_261_p2        |     *    |      3|  0|  21|          32|           9|
    |t_1_fu_183_p2          |     +    |      0|  0|  16|           9|           1|
    |t_2_fu_226_p2          |     +    |      0|  0|  16|           9|           1|
    |wB_1_fu_237_p2         |     +    |      0|  0|  39|          32|          32|
    |wF_fu_249_p2           |     -    |      0|  0|  39|          16|          32|
    |tmp_20_fu_351_p2       |    and   |      0|  0|   2|           1|           1|
    |tmp_22_fu_357_p2       |    and   |      0|  0|   2|           1|           1|
    |exitcond_fu_177_p2     |   icmp   |      0|  0|  13|           9|          10|
    |notlhs3_fu_333_p2      |   icmp   |      0|  0|  11|           8|           2|
    |notlhs_fu_315_p2       |   icmp   |      0|  0|  11|           8|           2|
    |notrhs4_fu_339_p2      |   icmp   |      0|  0|  18|          23|           1|
    |notrhs_fu_321_p2       |   icmp   |      0|  0|  18|          23|           1|
    |tmp_8_fu_243_p2        |   icmp   |      0|  0|  18|          32|           1|
    |tmp_s_fu_255_p2        |   icmp   |      0|  0|  18|          32|          16|
    |tmp_18_fu_327_p2       |    or    |      0|  0|   2|           1|           1|
    |tmp_19_fu_345_p2       |    or    |      0|  0|   2|           1|           1|
    |threshold_1_fu_371_p3  |  select  |      0|  0|  32|           1|          32|
    |varMax_1_fu_363_p3     |  select  |      0|  0|  32|           1|          32|
    +-----------------------+----------+-------+---+----+------------+------------+
    |Total                  |          |      6|  0| 331|         271|         185|
    +-----------------------+----------+-------+---+----+------------+------------+

    * Multiplexer: 
    +---------------------+-----+-----------+-----+-----------+
    |         Name        | LUT | Input Size| Bits| Total Bits|
    +---------------------+-----+-----------+-----+-----------+
    |ap_NS_fsm            |  297|         66|    1|         66|
    |grp_fu_118_opcode    |   15|          3|    2|          6|
    |grp_fu_118_p0        |   21|          4|   32|        128|
    |grp_fu_118_p1        |   21|          4|   32|        128|
    |grp_fu_123_p0        |   15|          3|   32|         96|
    |grp_fu_123_p1        |   15|          3|   32|         96|
    |grp_fu_135_p0        |   21|          4|   32|        128|
    |histData_address0    |   15|          3|    8|         24|
    |sumB_fu_44           |    9|          2|   32|         64|
    |sum_reg_83           |    9|          2|   32|         64|
    |t_reg_72             |    9|          2|    9|         18|
    |threshold_2_reg_107  |    9|          2|    9|         18|
    |threshold_fu_40      |    9|          2|   32|         64|
    |varMax_fu_48         |    9|          2|   32|         64|
    |wB_reg_95            |    9|          2|   32|         64|
    +---------------------+-----+-----------+-----+-----------+
    |Total                |  483|        104|  349|       1028|
    +---------------------+-----+-----------+-----+-----------+

    * Register: 
    +---------------------------+----+----+-----+-----------+
    |            Name           | FF | LUT| Bits| Const Bits|
    +---------------------------+----+----+-----+-----------+
    |ap_CS_fsm                  |  65|   0|   65|          0|
    |mB_reg_489                 |  32|   0|   32|          0|
    |mF_reg_494                 |  32|   0|   32|          0|
    |reg_148                    |  32|   0|   32|          0|
    |reg_152                    |  32|   0|   32|          0|
    |reg_159                    |  32|   0|   32|          0|
    |reg_167                    |  32|   0|   32|          0|
    |sumB_fu_44                 |  32|   0|   32|          0|
    |sum_reg_83                 |  32|   0|   32|          0|
    |t_1_reg_394                |   9|   0|    9|          0|
    |t_2_reg_440                |   9|   0|    9|          0|
    |t_cast2_reg_386            |   9|   0|   32|         23|
    |t_reg_72                   |   9|   0|    9|          0|
    |threshold_1_reg_504        |  32|   0|   32|          0|
    |threshold_2_reg_107        |   9|   0|    9|          0|
    |threshold_3_cast1_reg_430  |   9|   0|   32|         23|
    |threshold_fu_40            |  32|   0|   32|          0|
    |tmp_10_reg_483             |  32|   0|   32|          0|
    |tmp_1_reg_425              |  32|   0|   32|          0|
    |tmp_3_reg_468              |  32|   0|   32|          0|
    |tmp_5_reg_436              |   1|   0|    1|          0|
    |tmp_8_reg_456              |   1|   0|    1|          0|
    |tmp_9_reg_478              |  32|   0|   32|          0|
    |varMax_1_reg_499           |  32|   0|   32|          0|
    |varMax_fu_48               |  32|   0|   32|          0|
    |wB_1_reg_450               |  32|   0|   32|          0|
    |wB_reg_95                  |  32|   0|   32|          0|
    |wF_reg_460                 |  32|   0|   32|          0|
    +---------------------------+----+----+-----+-----------+
    |Total                      | 729|   0|  775|         46|
    +---------------------------+----+----+-----+-----------+



================================================================
== Interface
================================================================
* Summary: 
+-------------------+-----+-----+------------+--------------+--------------+
|     RTL Ports     | Dir | Bits|  Protocol  | Source Object|    C Type    |
+-------------------+-----+-----+------------+--------------+--------------+
|ap_clk             |  in |    1| ap_ctrl_hs |     otsu     | return value |
|ap_rst             |  in |    1| ap_ctrl_hs |     otsu     | return value |
|ap_start           |  in |    1| ap_ctrl_hs |     otsu     | return value |
|ap_done            | out |    1| ap_ctrl_hs |     otsu     | return value |
|ap_idle            | out |    1| ap_ctrl_hs |     otsu     | return value |
|ap_ready           | out |    1| ap_ctrl_hs |     otsu     | return value |
|ap_return          | out |   32| ap_ctrl_hs |     otsu     | return value |
|histData_address0  | out |    8|  ap_memory |   histData   |     array    |
|histData_ce0       | out |    1|  ap_memory |   histData   |     array    |
|histData_q0        |  in |   32|  ap_memory |   histData   |     array    |
+-------------------+-----+-----+------------+--------------+--------------+

